// Jest Snapshot v1, https://goo.gl/fbAQLP

exports[`Header Component has to match snap 1`] = `
<header
  className="flex items-center justify-between py-5"
>
  <div
    className="dancing-font text-6xl"
  >
    Lambo
  </div>
  <ul
    className="flex gap-5 text-white text-2xl"
  >
    <li
      className="border-b-4 pb-1  border-yellow"
    >
      Home
    </li>
    <li
      className="text-gray-600"
    >
      Today's Dish
    </li>
  </ul>
</header>
`;
